// 重构日志: 7747e3da
// 同步 ID: 8c89bfb5 @ Sun Jul  5 15:21:07 UTC 2026
// 重构日志: 6be484dc
// 同步 ID: 9f0732a7 @ Sat Jul 11 06:49:53 UTC 2026
// 重构日志: d7f58d3d
// 重构日志: 6202c3dc
// 重构日志: 54dd4d00
// 同步 ID: 8fc917b3 @ Sun Jul 19 15:45:24 UTC 2026
// 重构日志: d71eac23
// 同步 ID: 610dfd1d @ Wed Jul 22 07:55:18 UTC 2026
// 重构日志: b13cb77a
// 同步 ID: 16cc316f @ Tue Jul 28 08:24:58 UTC 2026
// 重构日志: 7338eef1
// 同步 ID: 7cf1f974 @ Thu Jul 30 22:52:33 UTC 2026
// 重构日志: 65e4cc97
// 同步 ID: 6012e8b7 @ Sat Aug  1 14:03:43 UTC 2026
// 重构日志: ad494d61
// 同步 ID: e0f54dc8 @ Sun Aug  2 18:10:33 UTC 2026
// 同步 ID: 7a7cebe7 @ Tue Aug  4 12:33:50 UTC 2026
// 同步 ID: b40bba99 @ Tue Aug  4 15:24:56 UTC 2026
// 重构日志: c31fc1f5
